// Jest Snapshot v1, https://goo.gl/fbAQLP

exports[`Coin cards container renders correctly 1`] = `
<div
  className="card-container"
>
  <a
    href="/coin/ETHBTC"
    onClick={[Function]}
  >
    <div
      className="coin-card green-bg"
    >
      <div
        className="top-card"
      >
        <h3
          className="coin-card-title"
        >
           
          ETHBTC
          <br />
          +3.677%
        </h3>
      </div>
      <span
        className="arrow-details"
      >
        <svg
          fill="currentColor"
          height="1em"
          stroke="currentColor"
          strokeWidth="0"
          style={
            Object {
              "color": undefined,
            }
          }
          viewBox="0 0 16 16"
          width="1em"
          xmlns="http://www.w3.org/2000/svg"
        >
          <path
            d="M8 0a8 8 0 1 1 0 16A8 8 0 0 1 8 0zM4.5 7.5a.5.5 0 0 0 0 1h5.793l-2.147 2.146a.5.5 0 0 0 .708.708l3-3a.5.5 0 0 0 0-.708l-3-3a.5.5 0 1 0-.708.708L10.293 7.5H4.5z"
          />
        </svg>
      </span>
      <img
        alt="ETHBTC"
        className="card-picture"
        src="Image not found"
      />
    </div>
  </a>
  <a
    href="/coin/LTCBTC"
    onClick={[Function]}
  >
    <div
      className="coin-card green-bg"
    >
      <div
        className="top-card"
      >
        <h3
          className="coin-card-title"
        >
           
          LTCBTC
          <br />
          +1.949%
        </h3>
      </div>
      <span
        className="arrow-details"
      >
        <svg
          fill="currentColor"
          height="1em"
          stroke="currentColor"
          strokeWidth="0"
          style={
            Object {
              "color": undefined,
            }
          }
          viewBox="0 0 16 16"
          width="1em"
          xmlns="http://www.w3.org/2000/svg"
        >
          <path
            d="M8 0a8 8 0 1 1 0 16A8 8 0 0 1 8 0zM4.5 7.5a.5.5 0 0 0 0 1h5.793l-2.147 2.146a.5.5 0 0 0 .708.708l3-3a.5.5 0 0 0 0-.708l-3-3a.5.5 0 1 0-.708.708L10.293 7.5H4.5z"
          />
        </svg>
      </span>
      <img
        alt="LTCBTC"
        className="card-picture"
        src="Image not found"
      />
    </div>
  </a>
</div>
`;
